// Jest Snapshot v1, https://goo.gl/fbAQLP

exports[`Typographic empty is null 1`] = `null`;

exports[`Typographic empty string is not null 1`] = `
<p
  className="typographic-body1"
  style={Object {}}
>
  
</p>
`;

exports[`Typographic renders with classes 1`] = `
<h1
  className="typographic-h1 typographic-align-center typographic-transform-uppercase typographic-no-wrap"
  style={Object {}}
>
  
</h1>
`;
