// Jest Snapshot v1, https://goo.gl/fbAQLP

exports[`Typographic empty is null 1`] = `null`;

exports[`Typographic empty string is not null 1`] = `
<span
  className="typographic typographic-body1"
>
  
</span>
`;

exports[`Typographic renders with classes 1`] = `
<h1
  className="typographic typographic-title typographic-align-center typographic-transform-uppercase typographic-gutter-bottom typographic-no-wrap"
>
  
</h1>
`;
